[keyhole@96] drive 2428.2 V gives 439.6 W/m at this grid; recalibrated to 2589.6 V, verified 500.00 W/m
[keyhole@96] part cells 660, chi area 2.613864e-04 m2, raster minus area +0.720 %, thermal substeps per outer step 3
[keyhole@96] ROT_uniform                J     75.89  IoU 0.8452  IoUa 0.8366  grow  10.61  under   6.52  stop 1083 ( 542.0 s)  P  310.5  Eres 0.58%  Jrast     92.27  3.7 s
[keyhole@96] STATIC_uniform             J    238.88  IoU 0.6368  IoUa 0.6319  grow  18.48  under  24.55  stop  603 ( 302.0 s)  P  500.0  Eres 1.55%  Jrast    255.77  1.8 s
[keyhole@96] QS_uniform                 J     79.38  IoU 0.8306  IoUa 0.8301  grow  10.91  under   7.88  stop 1083 ( 542.0 s)  P  309.9  Eres 0.74%  Jrast     97.13  3.7 s
[keyhole@96] ROT_transfer               J      9.53  IoU 0.9702  IoUa 0.9515  grow   1.82  under   1.21  stop 1384 ( 692.5 s)  P  258.0  Eres 0.06%  Jrast     16.49  3.9 s
[keyhole] grid 96 done in 15.4 s. remaining projection (fourth-power cost model): n=120 ~38 s, n=160 ~119 s, n=200 ~290 s; projected total remaining ~7.4 min
[keyhole@120] drive 2428.2 V gives 426.1 W/m at this grid; recalibrated to 2630.3 V, verified 500.00 W/m
[keyhole@120] part cells 1030, chi area 2.614189e-04 m2, raster minus area +0.163 %, thermal substeps per outer step 5
[keyhole@120] ROT_uniform                J    173.10  IoU 0.8026  IoUa 0.7997  grow  13.59  under   8.83  stop 1159 ( 580.0 s)  P  302.0  Eres 0.91%  Jrast    192.50  8.0 s
[keyhole@120] STATIC_uniform             J    509.96  IoU 0.5750  IoUa 0.5659  grow  30.68  under  24.85  stop  671 ( 336.0 s)  P  500.0  Eres 2.27%  Jrast    524.99  4.9 s
[keyhole@120] QS_uniform                 J    177.19  IoU 0.7955  IoUa 0.7942  grow  13.01  under  10.10  stop 1143 ( 572.0 s)  P  301.7  Eres 0.89%  Jrast    196.93  9.0 s
[keyhole@120] ROT_transfer               J      7.84  IoU 0.9828  IoUa 0.9663  grow   1.36  under   0.39  stop 1489 ( 745.0 s)  P  245.9  Eres 0.13%  Jrast     22.52  9.6 s
[keyhole] grid 120 done in 34.8 s. remaining projection (fourth-power cost model): n=160 ~110 s, n=200 ~269 s; projected total remaining ~6.3 min
[keyhole@160] drive 2428.2 V gives 380.3 W/m at this grid; recalibrated to 2784.0 V, verified 500.00 W/m
[keyhole@160] part cells 1844, chi area 2.613458e-04 m2, raster minus area +0.474 %, thermal substeps per outer step 8
[keyhole@160] ROT_uniform                J    384.03  IoU 0.7749  IoUa 0.7709  grow  13.45  under  12.09  stop 1108 ( 554.5 s)  P  314.0  Eres 0.95%  Jrast    408.85  21.7 s
[keyhole@160] STATIC_uniform             J    759.35  IoU 0.6328  IoUa 0.6293  grow  26.14  under  20.17  stop  677 ( 339.0 s)  P  500.0  Eres 1.94%  Jrast    781.97  11.6 s
[keyhole@160] QS_uniform                 J    388.30  IoU 0.7732  IoUa 0.7692  grow  13.34  under  12.36  stop 1104 ( 552.5 s)  P  314.2  Eres 0.93%  Jrast    413.56  18.7 s
[keyhole@160] ROT_transfer               J     62.39  IoU 0.9447  IoUa 0.9318  grow   4.01  under   1.74  stop 1443 ( 722.0 s)  P  258.7  Eres 0.31%  Jrast     82.14  20.2 s
[keyhole] grid 160 done in 78.4 s. remaining projection (fourth-power cost model): n=200 ~191 s; projected total remaining ~3.2 min
[keyhole@200] drive 2428.2 V gives 359.2 W/m at this grid; recalibrated to 2865.0 V, verified 500.00 W/m
[keyhole@200] part cells 2882, chi area 2.613535e-04 m2, raster minus area +0.245 %, thermal substeps per outer step 12
[keyhole@200] ROT_uniform                J    631.44  IoU 0.7720  IoUa 0.7668  grow  14.12  under  11.90  stop 1075 ( 538.0 s)  P  322.9  Eres 1.01%  Jrast    659.19  39.5 s
[keyhole@200] STATIC_uniform             J   1243.58  IoU 0.6244  IoUa 0.6223  grow  27.48  under  20.40  stop  691 ( 346.0 s)  P  500.0  Eres 2.01%  Jrast   1270.79  24.4 s
[keyhole@200] QS_uniform                 J    641.80  IoU 0.7673  IoUa 0.7621  grow  13.19  under  13.15  stop 1058 ( 529.5 s)  P  322.6  Eres 0.96%  Jrast    669.66  37.9 s
[keyhole@200] ROT_transfer               J    116.95  IoU 0.9304  IoUa 0.9216  grow   3.68  under   3.54  stop 1369 ( 685.0 s)  P  265.6  Eres 0.30%  Jrast    143.07  42.1 s
[keyhole] grid 200 done in 152.5 s. remaining projection (fourth-power cost model): ; projected total remaining ~0.0 min
[keyhole] REPRODUCTION GATE PASS (4 comparisons)
[keyhole] ROT_uniform    IoU 0.8452 -> 0.8026 -> 0.7749 -> 0.7720  last step 0.0029  asymptotic True
[keyhole] STATIC_uniform IoU 0.6368 -> 0.5750 -> 0.6328 -> 0.6244  last step 0.0085  asymptotic False
[keyhole] QS_uniform     IoU 0.8306 -> 0.7955 -> 0.7732 -> 0.7673  last step 0.0059  asymptotic True
[keyhole] ROT_transfer   IoU 0.9702 -> 0.9828 -> 0.9447 -> 0.9304  last step 0.0143  asymptotic False
[keyhole] energy gate violations []; wall 281.2 s
